Archive member included to satisfy reference by file (symbol)

/Applications/STM32CubeIDE.app/Contents/Eclipse/plugins/com.st.stm32cube.ide.mcu.externaltools.gnu-tools-for-stm32.12.3.rel1.macos64_1.0.200.202406191456/tools/bin/../lib/gcc/arm-none-eabi/12.3.1/../../../../arm-none-eabi/lib/thumb/v7e-m+fp/hard/libc_nano.a(libc_a-exit.o)
                              /Applications/STM32CubeIDE.app/Contents/Eclipse/plugins/com.st.stm32cube.ide.mcu.externaltools.gnu-tools-for-stm32.12.3.rel1.macos64_1.0.200.202406191456/tools/bin/../lib/gcc/arm-none-eabi/12.3.1/../../../../arm-none-eabi/lib/thumb/v7e-m+fp/hard/crt0.o (exit)
/Applications/STM32CubeIDE.app/Contents/Eclipse/plugins/com.st.stm32cube.ide.mcu.externaltools.gnu-tools-for-stm32.12.3.rel1.macos64_1.0.200.202406191456/tools/bin/../lib/gcc/arm-none-eabi/12.3.1/../../../../arm-none-eabi/lib/thumb/v7e-m+fp/hard/libc_nano.a(libc_a-findfp.o)
                              /Applications/STM32CubeIDE.app/Contents/Eclipse/plugins/com.st.stm32cube.ide.mcu.externaltools.gnu-tools-for-stm32.12.3.rel1.macos64_1.0.200.202406191456/tools/bin/../lib/gcc/arm-none-eabi/12.3.1/../../../../arm-none-eabi/lib/thumb/v7e-m+fp/hard/libc_nano.a(libc_a-exit.o) (__stdio_exit_handler)
/Applications/STM32CubeIDE.app/Contents/Eclipse/plugins/com.st.stm32cube.ide.mcu.externaltools.gnu-tools-for-stm32.12.3.rel1.macos64_1.0.200.202406191456/tools/bin/../lib/gcc/arm-none-eabi/12.3.1/../../../../arm-none-eabi/lib/thumb/v7e-m+fp/hard/libc_nano.a(libc_a-fwalk.o)
                              /Applications/STM32CubeIDE.app/Contents/Eclipse/plugins/com.st.stm32cube.ide.mcu.externaltools.gnu-tools-for-stm32.12.3.rel1.macos64_1.0.200.202406191456/tools/bin/../lib/gcc/arm-none-eabi/12.3.1/../../../../arm-none-eabi/lib/thumb/v7e-m+fp/hard/libc_nano.a(libc_a-findfp.o) (_fwalk_sglue)
/Applications/STM32CubeIDE.app/Contents/Eclipse/plugins/com.st.stm32cube.ide.mcu.externaltools.gnu-tools-for-stm32.12.3.rel1.macos64_1.0.200.202406191456/tools/bin/../lib/gcc/arm-none-eabi/12.3.1/../../../../arm-none-eabi/lib/thumb/v7e-m+fp/hard/libc_nano.a(libc_a-memset.o)
                              /Applications/STM32CubeIDE.app/Contents/Eclipse/plugins/com.st.stm32cube.ide.mcu.externaltools.gnu-tools-for-stm32.12.3.rel1.macos64_1.0.200.202406191456/tools/bin/../lib/gcc/arm-none-eabi/12.3.1/../../../../arm-none-eabi/lib/thumb/v7e-m+fp/hard/crt0.o (memset)
/Applications/STM32CubeIDE.app/Contents/Eclipse/plugins/com.st.stm32cube.ide.mcu.externaltools.gnu-tools-for-stm32.12.3.rel1.macos64_1.0.200.202406191456/tools/bin/../lib/gcc/arm-none-eabi/12.3.1/../../../../arm-none-eabi/lib/thumb/v7e-m+fp/hard/libc_nano.a(libc_a-impure.o)
                              /Applications/STM32CubeIDE.app/Contents/Eclipse/plugins/com.st.stm32cube.ide.mcu.externaltools.gnu-tools-for-stm32.12.3.rel1.macos64_1.0.200.202406191456/tools/bin/../lib/gcc/arm-none-eabi/12.3.1/../../../../arm-none-eabi/lib/thumb/v7e-m+fp/hard/libc_nano.a(libc_a-findfp.o) (_impure_data)
/Applications/STM32CubeIDE.app/Contents/Eclipse/plugins/com.st.stm32cube.ide.mcu.externaltools.gnu-tools-for-stm32.12.3.rel1.macos64_1.0.200.202406191456/tools/bin/../lib/gcc/arm-none-eabi/12.3.1/../../../../arm-none-eabi/lib/thumb/v7e-m+fp/hard/libc_nano.a(libc_a-errno.o)
                              ./Core/Src/syscalls.o (__errno)
/Applications/STM32CubeIDE.app/Contents/Eclipse/plugins/com.st.stm32cube.ide.mcu.externaltools.gnu-tools-for-stm32.12.3.rel1.macos64_1.0.200.202406191456/tools/bin/../lib/gcc/arm-none-eabi/12.3.1/../../../../arm-none-eabi/lib/thumb/v7e-m+fp/hard/libc_nano.a(libc_a-init.o)
                              /Applications/STM32CubeIDE.app/Contents/Eclipse/plugins/com.st.stm32cube.ide.mcu.externaltools.gnu-tools-for-stm32.12.3.rel1.macos64_1.0.200.202406191456/tools/bin/../lib/gcc/arm-none-eabi/12.3.1/../../../../arm-none-eabi/lib/thumb/v7e-m+fp/hard/crt0.o (__libc_init_array)
/Applications/STM32CubeIDE.app/Contents/Eclipse/plugins/com.st.stm32cube.ide.mcu.externaltools.gnu-tools-for-stm32.12.3.rel1.macos64_1.0.200.202406191456/tools/bin/../lib/gcc/arm-none-eabi/12.3.1/../../../../arm-none-eabi/lib/thumb/v7e-m+fp/hard/libc_nano.a(libc_a-lock.o)
                              /Applications/STM32CubeIDE.app/Contents/Eclipse/plugins/com.st.stm32cube.ide.mcu.externaltools.gnu-tools-for-stm32.12.3.rel1.macos64_1.0.200.202406191456/tools/bin/../lib/gcc/arm-none-eabi/12.3.1/../../../../arm-none-eabi/lib/thumb/v7e-m+fp/hard/libc_nano.a(libc_a-findfp.o) (__retarget_lock_init_recursive)
/Applications/STM32CubeIDE.app/Contents/Eclipse/plugins/com.st.stm32cube.ide.mcu.externaltools.gnu-tools-for-stm32.12.3.rel1.macos64_1.0.200.202406191456/tools/bin/../lib/gcc/arm-none-eabi/12.3.1/../../../../arm-none-eabi/lib/thumb/v7e-m+fp/hard/libc_nano.a(libc_a-memcpy-stub.o)
                              ./Drivers/OLED/ssd1306.o (memcpy)
[...]
Memory Configuration

Name             Origin             Length             Attributes
RAM              0x20000000         0x00018000         xrw
RAM2             0x10000000         0x00008000         xrw
FLASH            0x08000000         0x00100000         xr
*default*        0x00000000         0xffffffff

Linker script and memory map

LOAD /Applications/STM32CubeIDE.app/Contents/Eclipse/plugins/com.st.stm32cube.ide.mcu.externaltools.gnu-tools-for-stm32.12.3.rel1.macos64_1.0.200.202406191456/tools/bin/../lib/gcc/arm-none-eabi/12.3.1/thumb/v7e-m+fp/hard/crti.o
LOAD /Applications/STM32CubeIDE.app/Contents/Eclipse/plugins/com.st.stm32cube.ide.mcu.externaltools.gnu-tools-for-stm32.12.3.rel1.macos64_1.0.200.202406191456/tools/bin/../lib/gcc/arm-none-eabi/12.3.1/thumb/v7e-m+fp/hard/crtbegin.o
LOAD /Applications/STM32CubeIDE.app/Contents/Eclipse/plugins/com.st.stm32cube.ide.mcu.externaltools.gnu-tools-for-stm32.12.3.rel1.macos64_1.0.200.202406191456/tools/bin/../lib/gcc/arm-none-eabi/12.3.1/../../../../arm-none-eabi/lib/thumb/v7e-m+fp/hard/crt0.o
LOAD ./Core/Src/keypad.o
LOAD ./Core/Src/main.o
LOAD ./Core/Src/song.o
LOAD ./Core/Src/stm32l4xx_hal_msp.o
LOAD ./Core/Src/stm32l4xx_it.o
LOAD ./Core/Src/syscalls.o
LOAD ./Core/Src/sysmem.o
LOAD ./Core/Src/system_stm32l4xx.o
LOAD ./Core/Startup/startup_stm32l476rgtx.o
LOAD ./Drivers/OLED/ssd1306.o
LOAD ./Drivers/OLED/ssd1306_fonts.o
LOAD ./Drivers/STM32L4xx_HAL_Driver/Src/stm32l4xx_hal.o
LOAD ./Drivers/STM32L4xx_HAL_Driver/Src/stm32l4xx_hal_cortex.o
LOAD ./Drivers/STM32L4xx_HAL_Driver/Src/stm32l4xx_hal_dma.o
LOAD ./Drivers/STM32L4xx_HAL_Driver/Src/stm32l4xx_hal_dma_ex.o
LOAD ./Drivers/STM32L4xx_HAL_Driver/Src/stm32l4xx_hal_exti.o
LOAD ./Drivers/STM32L4xx_HAL_Driver/Src/stm32l4xx_hal_flash.o
LOAD ./Drivers/STM32L4xx_HAL_Driver/Src/stm32l4xx_hal_flash_ex.o
LOAD ./Drivers/STM32L4xx_HAL_Driver/Src/stm32l4xx_hal_flash_ramfunc.o
LOAD ./Drivers/STM32L4xx_HAL_Driver/Src/stm32l4xx_hal_gpio.o
LOAD ./Drivers/STM32L4xx_HAL_Driver/Src/stm32l4xx_hal_i2c.o
LOAD ./Drivers/STM32L4xx_HAL_Driver/Src/stm32l4xx_hal_i2c_ex.o
LOAD ./Drivers/STM32L4xx_HAL_Driver/Src/stm32l4xx_hal_pwr.o
LOAD ./Drivers/STM32L4xx_HAL_Driver/Src/stm32l4xx_hal_pwr_ex.o
LOAD ./Drivers/STM32L4xx_HAL_Driver/Src/stm32l4xx_hal_rcc.o
LOAD ./Drivers/STM32L4xx_HAL_Driver/Src/stm32l4xx_hal_rcc_ex.o
LOAD ./Drivers/STM32L4xx_HAL_Driver/Src/stm32l4xx_hal_tim.o
LOAD ./Drivers/STM32L4xx_HAL_Driver/Src/stm32l4xx_hal_tim_ex.o
LOAD ./Drivers/STM32L4xx_HAL_Driver/Src/stm32l4xx_hal_uart.o
LOAD ./Drivers/STM32L4xx_HAL_Driver/Src/stm32l4xx_hal_uart_ex.o
START GROUP
LOAD /Applications/STM32CubeIDE.app/Contents/Eclipse/plugins/com.st.stm32cube.ide.mcu.externaltools.gnu-tools-for-stm32.12.3.rel1.macos64_1.0.200.202406191456/tools/bin/../lib/gcc/arm-none-eabi/12.3.1/../../../../arm-none-eabi/lib/thumb/v7e-m+fp/hard/libc_nano.a
LOAD /Applications/STM32CubeIDE.app/Contents/Eclipse/plugins/com.st.stm32cube.ide.mcu.externaltools.gnu-tools-for-stm32.12.3.rel1.macos64_1.0.200.202406191456/tools/bin/../lib/gcc/arm-none-eabi/12.3.1/../../../../arm-none-eabi/lib/thumb/v7e-m+fp/hard/libm.a
END GROUP
START GROUP
LOAD /Applications/STM32CubeIDE.app/Contents/Eclipse/plugins/com.st.stm32cube.ide.mcu.externaltools.gnu-tools-for-stm32.12.3.rel1.macos64_1.0.200.202406191456/tools/bin/../lib/gcc/arm-none-eabi/12.3.1/thumb/v7e-m+fp/hard/libgcc.a
LOAD /Applications/STM32CubeIDE.app/Contents/Eclipse/plugins/com.st.stm32cube.ide.mcu.externaltools.gnu-tools-for-stm32.12.3.rel1.macos64_1.0.200.202406191456/tools/bin/../lib/gcc/arm-none-eabi/12.3.1/../../../../arm-none-eabi/lib/thumb/v7e-m+fp/hard/libc_nano.a
END GROUP
START GROUP
LOAD /Applications/STM32CubeIDE.app/Contents/Eclipse/plugins/com.st.stm32cube.ide.mcu.externaltools.gnu-tools-for-stm32.12.3.rel1.macos64_1.0.200.202406191456/tools/bin/../lib/gcc/arm-none-eabi/12.3.1/thumb/v7e-m+fp/hard/libgcc.a
LOAD /Applications/STM32CubeIDE.app/Contents/Eclipse/plugins/com.st.stm32cube.ide.mcu.externaltools.gnu-tools-for-stm32.12.3.rel1.macos64_1.0.200.202406191456/tools/bin/../lib/gcc/arm-none-eabi/12.3.1/../../../../arm-none-eabi/lib/thumb/v7e-m+fp/hard/libc_nano.a
LOAD /Applications/STM32CubeIDE.app/Contents/Eclipse/plugins/com.st.stm32cube.ide.mcu.externaltools.gnu-tools-for-stm32.12.3.rel1.macos64_1.0.200.202406191456/tools/bin/../lib/gcc/arm-none-eabi/12.3.1/../../../../arm-none-eabi/lib/thumb/v7e-m+fp/hard/libnosys.a
END GROUP
START GROUP
LOAD /Applications/STM32CubeIDE.app/Contents/Eclipse/plugins/com.st.stm32cube.ide.mcu.externaltools.gnu-tools-for-stm32.12.3.rel1.macos64_1.0.200.202406191456/tools/bin/../lib/gcc/arm-none-eabi/12.3.1/thumb/v7e-m+fp/hard/libgcc.a
LOAD /Applications/STM32CubeIDE.app/Contents/Eclipse/plugins/com.st.stm32cube.ide.mcu.externaltools.gnu-tools-for-stm32.12.3.rel1.macos64_1.0.200.202406191456/tools/bin/../lib/gcc/arm-none-eabi/12.3.1/../../../../arm-none-eabi/lib/thumb/v7e-m+fp/hard/libc_nano.a
LOAD /Applications/STM32CubeIDE.app/Contents/Eclipse/plugins/com.st.stm32cube.ide.mcu.externaltools.gnu-tools-for-stm32.12.3.rel1.macos64_1.0.200.202406191456/tools/bin/../lib/gcc/arm-none-eabi/12.3.1/../../../../arm-none-eabi/lib/thumb/v7e-m+fp/hard/libnosys.a
END GROUP
LOAD /Applications/STM32CubeIDE.app/Contents/Eclipse/plugins/com.st.stm32cube.ide.mcu.externaltools.gnu-tools-for-stm32.12.3.rel1.macos64_1.0.200.202406191456/tools/bin/../lib/gcc/arm-none-eabi/12.3.1/thumb/v7e-m+fp/hard/crtend.o
LOAD /Applications/STM32CubeIDE.app/Contents/Eclipse/plugins/com.st.stm32cube.ide.mcu.externaltools.gnu-tools-for-stm32.12.3.rel1.macos64_1.0.200.202406191456/tools/bin/../lib/gcc/arm-none-eabi/12.3.1/thumb/v7e-m+fp/hard/crtn.o
                0x20018000                        _estack = (ORIGIN (RAM) + LENGTH (RAM))
                0x00000200                        _Min_Heap_Size = 0x200
                0x00000400                        _Min_Stack_Size = 0x400

.isr_vector     0x08000000      0x188
                0x08000000                        . = ALIGN (0x4)
 *(.isr_vector)
 .isr_vector    0x08000000      0x188 ./Core/Startup/startup_stm32l476rgtx.o
                0x08000000                g_pfnVectors
                0x08000188                        . = ALIGN (0x4)

.text           0x08000188     0x24b4
                0x08000188                        . = ALIGN (0x4)
 *(.text)
 .text          0x08000188       0x40 /Applications/STM32CubeIDE.app/Contents/Eclipse/plugins/com.st.stm32cube.ide.mcu.externaltools.gnu-tools-for-stm32.12.3.rel1.macos64_1.0.200.202406191456/tools/bin/../lib/gcc/arm-none-eabi/12.3.1/thumb/v7e-m+fp/hard/crtbegin.o
 .text          0x080001c8       0x10 /Applications/STM32CubeIDE.app/Contents/Eclipse/plugins/com.st.stm32cube.ide.mcu.externaltools.gnu-tools-for-stm32.12.3.rel1.macos64_1.0.200.202406191456/tools/bin/../lib/gcc/arm-none-eabi/12.3.1/../../../../arm-none-eabi/lib/thumb/v7e-m+fp/hard/libc_nano.a(libc_a-strlen.o)
                0x080001c8                strlen
 *(.text*)
 .text.keypad_Pin_Init
                0x080001d8       0xd8 ./Core/Src/keypad.o
                0x080001d8                keypad_Pin_Init
 .text.keypad_Scan
                0x080002b0       0xb0 ./Core/Src/keypad.o
                0x080002b0                keypad_Scan
 .text.ITM_SendChar
                0x08000360       0x4e ./Core/Src/main.o
 .text._write   0x080003ae       0x38 ./Core/Src/main.o
                0x080003ae                _write
 .text.delay    0x080003e6       0x28 ./Core/Src/main.o
                0x080003e6                delay
 *fill*         0x0800040e        0x2 
 .text.main     0x08000410       0x4c ./Core/Src/main.o
                0x08000410                main
 .text.SystemClock_Config
                0x0800045c       0xa2 ./Core/Src/main.o
                0x0800045c                SystemClock_Config
 *fill*         0x080004fe        0x2 
 .text.MX_I2C1_Init
                0x08000500       0x80 ./Core/Src/main.o
 .text.Error_Handler
                0x08000580        0xc ./Core/Src/main.o
                0x08000580                Error_Handler
 .text.HAL_MspInit
                0x0800058c       0x48 ./Core/Src/stm32l4xx_hal_msp.o
                0x0800058c                HAL_MspInit
 .text.HAL_I2C_MspInit
                0x080005d4       0xbc ./Core/Src/stm32l4xx_hal_msp.o
                0x080005d4                HAL_I2C_MspInit
 .text.NMI_Handler
                0x08000690        0x8 ./Core/Src/stm32l4xx_it.o
                0x08000690                NMI_Handler
 .text.HardFault_Handler
                0x08000698        0x8 ./Core/Src/stm32l4xx_it.o
                0x08000698                HardFault_Handler
 .text.MemManage_Handler
                0x080006a0        0x8 ./Core/Src/stm32l4xx_it.o
                0x080006a0                MemManage_Handler
 .text.BusFault_Handler
                0x080006a8        0x8 ./Core/Src/stm32l4xx_it.o
                0x080006a8                BusFault_Handler
 .text.UsageFault_Handler
                0x080006b0        0x8 ./Core/Src/stm32l4xx_it.o
                0x080006b0                UsageFault_Handler
 .text.SVC_Handler
                0x080006b8        0xe ./Core/Src/stm32l4xx_it.o
                0x080006b8                SVC_Handler
 .text.DebugMon_Handler
                0x080006c6        0xe ./Core/Src/stm32l4xx_it.o
                0x080006c6                DebugMon_Handler
 .text.PendSV_Handler
                0x080006d4        0xe ./Core/Src/stm32l4xx_it.o
                0x080006d4                PendSV_Handler
 *fill*         0x080006e2        0x2 
 .text.SysTick_Handler
                0x080006e4       0x24 ./Core/Src/stm32l4xx_it.o
                0x080006e4                SysTick_Handler
 .text.SystemInit
                0x08000708       0x24 ./Core/Src/system_stm32l4xx.o
                0x08000708                SystemInit
 .text.Reset_Handler
                0x0800072c       0x50 ./Core/Startup/startup_stm32l476rgtx.o
                0x0800072c                Reset_Handler
 .text.Default_Handler
                0x0800077c        0x2 ./Core/Startup/startup_stm32l476rgtx.o
                0x0800077c                TIM1_BRK_TIM15_IRQHandler
                0x0800077c                EXTI2_IRQHandler
                0x0800077c                TIM8_TRG_COM_IRQHandler
                0x0800077c                TIM8_CC_IRQHandler
                0x0800077c                TIM1_CC_IRQHandler
                0x0800077c                TSC_IRQHandler
                0x0800077c                TAMP_STAMP_IRQHandler
                0x0800077c                EXTI3_IRQHandler
                0x0800077c                LPTIM2_IRQHandler
                0x0800077c                DFSDM1_FLT1_IRQHandler
                0x0800077c                I2C3_ER_IRQHandler
                0x0800077c                DFSDM1_FLT2_IRQHandler
                0x0800077c                EXTI0_IRQHandler
                0x0800077c                I2C2_EV_IRQHandler
                0x0800077c                CAN1_RX0_IRQHandler
                0x0800077c                FPU_IRQHandler
                0x0800077c                TIM1_UP_TIM16_IRQHandler
                0x0800077c                ADC1_2_IRQHandler
                0x0800077c                SPI1_IRQHandler
                0x0800077c                TIM6_DAC_IRQHandler
                0x0800077c                TIM8_UP_IRQHandler
                0x0800077c                DMA2_Channel2_IRQHandler
                0x0800077c                DMA1_Channel4_IRQHandler
                0x0800077c                SAI2_IRQHandler
                0x0800077c                DFSDM1_FLT3_IRQHandler
                0x0800077c                USART3_IRQHandler
                0x0800077c                DMA1_Channel7_IRQHandler
                0x0800077c                CAN1_RX1_IRQHandler
                0x0800077c                LCD_IRQHandler
                0x0800077c                UART5_IRQHandler
                0x0800077c                ADC3_IRQHandler
                0x0800077c                TIM4_IRQHandler
                0x0800077c                DMA2_Channel1_IRQHandler
                0x0800077c                QUADSPI_IRQHandler
                0x0800077c                I2C1_EV_IRQHandler
                0x0800077c                DMA1_Channel6_IRQHandler
                0x0800077c                UART4_IRQHandler
                0x0800077c                DMA2_Channel4_IRQHandler
                0x0800077c                TIM3_IRQHandler
                0x0800077c                RCC_IRQHandler
                0x0800077c                DMA1_Channel1_IRQHandler
                0x0800077c                Default_Handler
                0x0800077c                DMA2_Channel7_IRQHandler
                0x0800077c                EXTI15_10_IRQHandler
                0x0800077c                TIM7_IRQHandler
                0x0800077c                SDMMC1_IRQHandler
                0x0800077c                TIM5_IRQHandler
                0x0800077c                I2C3_EV_IRQHandler
                0x0800077c                EXTI9_5_IRQHandler
                0x0800077c                RTC_WKUP_IRQHandler
                0x0800077c                PVD_PVM_IRQHandler
                0x0800077c                SPI2_IRQHandler
                0x0800077c                CAN1_TX_IRQHandler
                0x0800077c                DMA2_Channel5_IRQHandler
                0x0800077c                DMA1_Channel5_IRQHandler
                0x0800077c                EXTI4_IRQHandler
                0x0800077c                RNG_IRQHandler
                0x0800077c                TIM1_TRG_COM_TIM17_IRQHandler
                0x0800077c                DMA1_Channel3_IRQHandler
                0x0800077c                COMP_IRQHandler
                0x0800077c                WWDG_IRQHandler
                0x0800077c                LPUART1_IRQHandler
                0x0800077c                DMA2_Channel6_IRQHandler
                0x0800077c                TIM2_IRQHandler
                0x0800077c                EXTI1_IRQHandler
                0x0800077c                USART2_IRQHandler
                0x0800077c                DFSDM1_FLT0_IRQHandler
                0x0800077c                I2C2_ER_IRQHandler
                0x0800077c                DMA1_Channel2_IRQHandler
                0x0800077c                TIM8_BRK_IRQHandler
                0x0800077c                CAN1_SCE_IRQHandler
                0x0800077c                FLASH_IRQHandler
                0x0800077c                USART1_IRQHandler
                0x0800077c                OTG_FS_IRQHandler
                0x0800077c                SPI3_IRQHandler
                0x0800077c                I2C1_ER_IRQHandler
                0x0800077c                FMC_IRQHandler
                0x0800077c                SWPMI1_IRQHandler
                0x0800077c                LPTIM1_IRQHandler
                0x0800077c                SAI1_IRQHandler
                0x0800077c                DMA2_Channel3_IRQHandler
                0x0800077c                RTC_Alarm_IRQHandler
 *fill*         0x0800077e        0x2 
 .text.HAL_Init
                0x08000780       0x40 ./Drivers/STM32L4xx_HAL_Driver/Src/stm32l4xx_hal.o
                0x08000780                HAL_Init
 .text.HAL_InitTick
                0x080007c0       0x78 ./Drivers/STM32L4xx_HAL_Driver/Src/stm32l4xx_hal.o
                0x080007c0                HAL_InitTick
 .text.HAL_IncTick
                0x08000838       0x28 ./Drivers/STM32L4xx_HAL_Driver/Src/stm32l4xx_hal.o
                0x08000838                HAL_IncTick
 .text.HAL_GetTick
                0x08000860       0x18 ./Drivers/STM32L4xx_HAL_Driver/Src/stm32l4xx_hal.o
                0x08000860                HAL_GetTick
 .text.__NVIC_SetPriorityGrouping
                0x08000878       0x48 ./Drivers/STM32L4xx_HAL_Driver/Src/stm32l4xx_hal_cortex.o
 .text.__NVIC_GetPriorityGrouping
                0x080008c0       0x1c ./Drivers/STM32L4xx_HAL_Driver/Src/stm32l4xx_hal_cortex.o
 .text.__NVIC_SetPriority
                0x080008dc       0x54 ./Drivers/STM32L4xx_HAL_Driver/Src/stm32l4xx_hal_cortex.o
 .text.NVIC_EncodePriority
                0x08000930       0x66 ./Drivers/STM32L4xx_HAL_Driver/Src/stm32l4xx_hal_cortex.o
 *fill*         0x08000996        0x2 
 .text.SysTick_Config
                0x08000998       0x44 ./Drivers/STM32L4xx_HAL_Driver/Src/stm32l4xx_hal_cortex.o
 .text.HAL_NVIC_SetPriorityGrouping
                0x080009dc       0x16 ./Drivers/STM32L4xx_HAL_Driver/Src/stm32l4xx_hal_cortex.o
                0x080009dc                HAL_NVIC_SetPriorityGrouping
 .text.HAL_NVIC_SetPriority
                0x080009f2       0x38 ./Drivers/STM32L4xx_HAL_Driver/Src/stm32l4xx_hal_cortex.o
                0x080009f2                HAL_NVIC_SetPriority
 .text.HAL_SYSTICK_Config
                0x08000a2a       0x18 ./Drivers/STM32L4xx_HAL_Driver/Src/stm32l4xx_hal_cortex.o
                0x08000a2a                HAL_SYSTICK_Config
 *fill*         0x08000a42        0x2 
 .text.HAL_GPIO_Init
                0x08000a44      0x354 ./Drivers/STM32L4xx_HAL_Driver/Src/stm32l4xx_hal_gpio.o
                0x08000a44                HAL_GPIO_Init
 .text.HAL_I2C_Init
                0x08000d98      0x136 ./Drivers/STM32L4xx_HAL_Driver/Src/stm32l4xx_hal_i2c.o
                0x08000d98                HAL_I2C_Init
 .text.HAL_I2CEx_ConfigAnalogFilter
                0x08000ece       0x96 ./Drivers/STM32L4xx_HAL_Driver/Src/stm32l4xx_hal_i2c_ex.o
                0x08000ece                HAL_I2CEx_ConfigAnalogFilter
 .text.HAL_I2CEx_ConfigDigitalFilter
                0x08000f64       0x98 ./Drivers/STM32L4xx_HAL_Driver/Src/stm32l4xx_hal_i2c_ex.o
                0x08000f64                HAL_I2CEx_ConfigDigitalFilter
 .text.HAL_PWREx_GetVoltageRange
                0x08000ffc       0x1c ./Drivers/STM32L4xx_HAL_Driver/Src/stm32l4xx_hal_pwr_ex.o
                0x08000ffc                HAL_PWREx_GetVoltageRange
 .text.HAL_PWREx_ControlVoltageScaling
                0x08001018       0xac ./Drivers/STM32L4xx_HAL_Driver/Src/stm32l4xx_hal_pwr_ex.o
                0x08001018                HAL_PWREx_ControlVoltageScaling
 .text.HAL_RCC_OscConfig
                0x080010c4      0x7b8 ./Drivers/STM32L4xx_HAL_Driver/Src/stm32l4xx_hal_rcc.o
                0x080010c4                HAL_RCC_OscConfig
 .text.HAL_RCC_ClockConfig
                0x0800187c      0x200 ./Drivers/STM32L4xx_HAL_Driver/Src/stm32l4xx_hal_rcc.o
                0x0800187c                HAL_RCC_ClockConfig
 .text.HAL_RCC_GetSysClockFreq
                0x08001a7c      0x118 ./Drivers/STM32L4xx_HAL_Driver/Src/stm32l4xx_hal_rcc.o
                0x08001a7c                HAL_RCC_GetSysClockFreq
 .text.RCC_SetFlashLatencyFromMSIRange
                0x08001b94       0xc0 ./Drivers/STM32L4xx_HAL_Driver/Src/stm32l4xx_hal_rcc.o
 .text.HAL_RCCEx_PeriphCLKConfig
                0x08001c54      0x5d4 ./Drivers/STM32L4xx_HAL_Driver/Src/stm32l4xx_hal_rcc_ex.o
                0x08001c54                HAL_RCCEx_PeriphCLKConfig
 .text.RCCEx_PLLSAI1_Config
                0x08002228      0x1e8 ./Drivers/STM32L4xx_HAL_Driver/Src/stm32l4xx_hal_rcc_ex.o
 .text.RCCEx_PLLSAI2_Config
                0x08002410      0x1bc ./Drivers/STM32L4xx_HAL_Driver/Src/stm32l4xx_hal_rcc_ex.o
 .text.memset   0x080025cc       0x10 /Applications/STM32CubeIDE.app/Contents/Eclipse/plugins/com.st.stm32cube.ide.mcu.externaltools.gnu-tools-for-stm32.12.3.rel1.macos64_1.0.200.202406191456/tools/bin/../lib/gcc/arm-none-eabi/12.3.1/../../../../arm-none-eabi/lib/thumb/v7e-m+fp/hard/libc_nano.a(libc_a-memset.o)
                0x080025cc                memset
 .text.__libc_init_array
                0x080025dc       0x48 /Applications/STM32CubeIDE.app/Contents/Eclipse/plugins/com.st.stm32cube.ide.mcu.externaltools.gnu-tools-for-stm32.12.3.rel1.macos64_1.0.200.202406191456/tools/bin/../lib/gcc/arm-none-eabi/12.3.1/../../../../arm-none-eabi/lib/thumb/v7e-m+fp/hard/libc_nano.a(libc_a-init.o)
                0x080025dc                __libc_init_array
 *(.glue_7)
 .glue_7        0x08002624        0x0 linker stubs
 *(.glue_7t)
 .glue_7t       0x08002624        0x0 linker stubs
 *(.eh_frame)
 .eh_frame      0x08002624        0x0 /Applications/STM32CubeIDE.app/Contents/Eclipse/plugins/com.st.stm32cube.ide.mcu.externaltools.gnu-tools-for-stm32.12.3.rel1.macos64_1.0.200.202406191456/tools/bin/../lib/gcc/arm-none-eabi/12.3.1/thumb/v7e-m+fp/hard/crtbegin.o
 *(.init)
 .init          0x08002624        0x4 /Applications/STM32CubeIDE.app/Contents/Eclipse/plugins/com.st.stm32cube.ide.mcu.externaltools.gnu-tools-for-stm32.12.3.rel1.macos64_1.0.200.202406191456/tools/bin/../lib/gcc/arm-none-eabi/12.3.1/thumb/v7e-m+fp/hard/crti.o
                0x08002624                _init
 .init          0x08002628        0x8 /Applications/STM32CubeIDE.app/Contents/Eclipse/plugins/com.st.stm32cube.ide.mcu.externaltools.gnu-tools-for-stm32.12.3.rel1.macos64_1.0.200.202406191456/tools/bin/../lib/gcc/arm-none-eabi/12.3.1/thumb/v7e-m+fp/hard/crtn.o
 *(.fini)
 .fini          0x08002630        0x4 /Applications/STM32CubeIDE.app/Contents/Eclipse/plugins/com.st.stm32cube.ide.mcu.externaltools.gnu-tools-for-stm32.12.3.rel1.macos64_1.0.200.202406191456/tools/bin/../lib/gcc/arm-none-eabi/12.3.1/thumb/v7e-m+fp/hard/crti.o
                0x08002630                _fini
 .fini          0x08002634        0x8 /Applications/STM32CubeIDE.app/Contents/Eclipse/plugins/com.st.stm32cube.ide.mcu.externaltools.gnu-tools-for-stm32.12.3.rel1.macos64_1.0.200.202406191456/tools/bin/../lib/gcc/arm-none-eabi/12.3.1/thumb/v7e-m+fp/hard/crtn.o
                0x0800263c                        . = ALIGN (0x4)
                0x0800263c                        _etext = .

.vfp11_veneer   0x0800263c        0x0
 .vfp11_veneer  0x0800263c        0x0 linker stubs

.v4_bx          0x0800263c        0x0
 .v4_bx         0x0800263c        0x0 linker stubs

.iplt           0x0800263c        0x0
 .iplt          0x0800263c        0x0 /Applications/STM32CubeIDE.app/Contents/Eclipse/plugins/com.st.stm32cube.ide.mcu.externaltools.gnu-tools-for-stm32.12.3.rel1.macos64_1.0.200.202406191456/tools/bin/../lib/gcc/arm-none-eabi/12.3.1/thumb/v7e-m+fp/hard/crtbegin.o

.rodata         0x0800263c       0x48
                0x0800263c                        . = ALIGN (0x4)
 *(.rodata)
 .rodata        0x0800263c        0x5 ./Core/Src/main.o
 *(.rodata*)
 *fill*         0x08002641        0x3 
 .rodata.AHBPrescTable
                0x08002644       0x10 ./Core/Src/system_stm32l4xx.o
                0x08002644                AHBPrescTable
 .rodata.MSIRangeTable
                0x08002654       0x30 ./Core/Src/system_stm32l4xx.o
                0x08002654                MSIRangeTable
                0x08002684                        . = ALIGN (0x4)

.ARM.extab      0x08002684        0x0
                0x08002684                        . = ALIGN (0x4)
 *(.ARM.extab* .gnu.linkonce.armextab.*)
                0x08002684                        . = ALIGN (0x4)

.ARM            0x08002684        0x8
                0x08002684                        . = ALIGN (0x4)
                0x08002684                        __exidx_start = .
 *(.ARM.exidx*)
 .ARM.exidx     0x08002684        0x8 /Applications/STM32CubeIDE.app/Contents/Eclipse/plugins/com.st.stm32cube.ide.mcu.externaltools.gnu-tools-for-stm32.12.3.rel1.macos64_1.0.200.202406191456/tools/bin/../lib/gcc/arm-none-eabi/12.3.1/../../../../arm-none-eabi/lib/thumb/v7e-m+fp/hard/libc_nano.a(libc_a-strlen.o)
                0x0800268c                        __exidx_end = .
                0x0800268c                        . = ALIGN (0x4)

.preinit_array  0x0800268c        0x0
                0x0800268c                        . = ALIGN (0x4)
                0x0800268c                        PROVIDE (__preinit_array_start = .)
 *(.preinit_array*)
                0x0800268c                        PROVIDE (__preinit_array_end = .)
                0x0800268c                        . = ALIGN (0x4)

.init_array     0x0800268c        0x4
                0x0800268c                        . = ALIGN (0x4)
                0x0800268c                        PROVIDE (__init_array_start = .)
 *(SORT_BY_NAME(.init_array.*))
 *(.init_array*)
 .init_array    0x0800268c        0x4 /Applications/STM32CubeIDE.app/Contents/Eclipse/plugins/com.st.stm32cube.ide.mcu.externaltools.gnu-tools-for-stm32.12.3.rel1.macos64_1.0.200.202406191456/tools/bin/../lib/gcc/arm-none-eabi/12.3.1/thumb/v7e-m+fp/hard/crtbegin.o
                0x08002690                        PROVIDE (__init_array_end = .)
                0x08002690                        . = ALIGN (0x4)

.fini_array     0x08002690        0x4
                0x08002690                        . = ALIGN (0x4)
                [!provide]                        PROVIDE (__fini_array_start = .)
 *(SORT_BY_NAME(.fini_array.*))
 *(.fini_array*)
 .fini_array    0x08002690        0x4 /Applications/STM32CubeIDE.app/Contents/Eclipse/plugins/com.st.stm32cube.ide.mcu.externaltools.gnu-tools-for-stm32.12.3.rel1.macos64_1.0.200.202406191456/tools/bin/../lib/gcc/arm-none-eabi/12.3.1/thumb/v7e-m+fp/hard/crtbegin.o
                [!provide]                        PROVIDE (__fini_array_end = .)
                0x08002694                        . = ALIGN (0x4)
                0x08002694                        _sidata = LOADADDR (.data)

.rel.dyn        0x08002694        0x0
 .rel.iplt      0x08002694        0x0 /Applications/STM32CubeIDE.app/Contents/Eclipse/plugins/com.st.stm32cube.ide.mcu.externaltools.gnu-tools-for-stm32.12.3.rel1.macos64_1.0.200.202406191456/tools/bin/../lib/gcc/arm-none-eabi/12.3.1/thumb/v7e-m+fp/hard/crtbegin.o

.data           0x20000000       0x1c load address 0x08002694
                0x20000000                        . = ALIGN (0x4)
                0x20000000                        _sdata = .
 *(.data)
 *(.data*)
 .data.key_Pad  0x20000000       0x10 ./Core/Src/keypad.o
                0x20000000                key_Pad
 .data.SystemCoreClock
                0x20000010        0x4 ./Core/Src/system_stm32l4xx.o
                0x20000010                SystemCoreClock
 .data.uwTickPrio
                0x20000014        0x4 ./Drivers/STM32L4xx_HAL_Driver/Src/stm32l4xx_hal.o
                0x20000014                uwTickPrio
 .data.uwTickFreq
                0x20000018        0x1 ./Drivers/STM32L4xx_HAL_Driver/Src/stm32l4xx_hal.o
                0x20000018                uwTickFreq
 *(.RamFunc)
 *(.RamFunc*)
                0x2000001c                        . = ALIGN (0x4)
 *fill*         0x20000019        0x3 
                0x2000001c                        _edata = .

.igot.plt       0x2000001c        0x0 load address 0x080026b0
 .igot.plt      0x2000001c        0x0 /Applications/STM32CubeIDE.app/Contents/Eclipse/plugins/com.st.stm32cube.ide.mcu.externaltools.gnu-tools-for-stm32.12.3.rel1.macos64_1.0.200.202406191456/tools/bin/../lib/gcc/arm-none-eabi/12.3.1/thumb/v7e-m+fp/hard/crtbegin.o
                0x2000001c                        . = ALIGN (0x4)

.bss            0x2000001c       0x78 load address 0x080026b0
                0x2000001c                        _sbss = .
                0x2000001c                        __bss_start__ = _sbss
 *(.bss)
 .bss           0x2000001c       0x1c /Applications/STM32CubeIDE.app/Contents/Eclipse/plugins/com.st.stm32cube.ide.mcu.externaltools.gnu-tools-for-stm32.12.3.rel1.macos64_1.0.200.202406191456/tools/bin/../lib/gcc/arm-none-eabi/12.3.1/thumb/v7e-m+fp/hard/crtbegin.o
 *(.bss*)
 .bss.hi2c1     0x20000038       0x54 ./Core/Src/main.o
                0x20000038                hi2c1
 .bss.TimeDelay
                0x2000008c        0x4 ./Core/Src/stm32l4xx_it.o
                0x2000008c                TimeDelay
 .bss.uwTick    0x20000090        0x4 ./Drivers/STM32L4xx_HAL_Driver/Src/stm32l4xx_hal.o
                0x20000090                uwTick
 *(COMMON)
                0x20000094                        . = ALIGN (0x4)
                0x20000094                        _ebss = .
                0x20000094                        __bss_end__ = _ebss

._user_heap_stack
                0x20000094      0x604 load address 0x080026b0
                0x20000098                        . = ALIGN (0x8)
 *fill*         0x20000094        0x4 
                [!provide]                        PROVIDE (end = .)
                0x20000098                        PROVIDE (_end = .)
                0x20000298                        . = (. + _Min_Heap_Size)
 *fill*         0x20000098      0x200 
                0x20000698                        . = (. + _Min_Stack_Size)
 *fill*         0x20000298      0x400 
                0x20000698                        . = ALIGN (0x8)

/DISCARD/
 libc.a(*)
 libm.a(*)
 libgcc.a(*)

.ARM.attributes
                0x00000000       0x30
 *(.ARM.attributes)
 .ARM.attributes
                0x00000000       0x22 /Applications/STM32CubeIDE.app/Contents/Eclipse/plugins/com.st.stm32cube.ide.mcu.externaltools.gnu-tools-for-stm32.12.3.rel1.macos64_1.0.200.202406191456/tools/bin/../lib/gcc/arm-none-eabi/12.3.1/thumb/v7e-m+fp/hard/crti.o
 .ARM.attributes
                0x00000022       0x34 /Applications/STM32CubeIDE.app/Contents/Eclipse/plugins/com.st.stm32cube.ide.mcu.externaltools.gnu-tools-for-stm32.12.3.rel1.macos64_1.0.200.202406191456/tools/bin/../lib/gcc/arm-none-eabi/12.3.1/thumb/v7e-m+fp/hard/crtbegin.o
 .ARM.attributes
                0x00000056       0x34 ./Core/Src/keypad.o
 .ARM.attributes
                0x0000008a       0x34 ./Core/Src/main.o
 .ARM.attributes
                0x000000be       0x34 ./Core/Src/stm32l4xx_hal_msp.o
 .ARM.attributes
                0x000000f2       0x34 ./Core/Src/stm32l4xx_it.o
 .ARM.attributes
                0x00000126       0x34 ./Core/Src/system_stm32l4xx.o
 .ARM.attributes
                0x0000015a       0x21 ./Core/Startup/startup_stm32l476rgtx.o
 .ARM.attributes
                0x0000017b       0x34 ./Drivers/STM32L4xx_HAL_Driver/Src/stm32l4xx_hal.o
 .ARM.attributes
                0x000001af       0x34 ./Drivers/STM32L4xx_HAL_Driver/Src/stm32l4xx_hal_cortex.o
 .ARM.attributes
                0x000001e3       0x34 ./Drivers/STM32L4xx_HAL_Driver/Src/stm32l4xx_hal_gpio.o
 .ARM.attributes
                0x00000217       0x34 ./Drivers/STM32L4xx_HAL_Driver/Src/stm32l4xx_hal_i2c.o
 .ARM.attributes
                0x0000024b       0x34 ./Drivers/STM32L4xx_HAL_Driver/Src/stm32l4xx_hal_i2c_ex.o
 .ARM.attributes
                0x0000027f       0x34 ./Drivers/STM32L4xx_HAL_Driver/Src/stm32l4xx_hal_pwr_ex.o
 .ARM.attributes
                0x000002b3       0x34 ./Drivers/STM32L4xx_HAL_Driver/Src/stm32l4xx_hal_rcc.o
 .ARM.attributes
                0x000002e7       0x34 ./Drivers/STM32L4xx_HAL_Driver/Src/stm32l4xx_hal_rcc_ex.o
 .ARM.attributes
                0x0000031b       0x34 /Applications/STM32CubeIDE.app/Contents/Eclipse/plugins/com.st.stm32cube.ide.mcu.externaltools.gnu-tools-for-stm32.12.3.rel1.macos64_1.0.200.202406191456/tools/bin/../lib/gcc/arm-none-eabi/12.3.1/../../../../arm-none-eabi/lib/thumb/v7e-m+fp/hard/libc_nano.a(libc_a-memset.o)
 .ARM.attributes
                0x0000034f       0x34 /Applications/STM32CubeIDE.app/Contents/Eclipse/plugins/com.st.stm32cube.ide.mcu.externaltools.gnu-tools-for-stm32.12.3.rel1.macos64_1.0.200.202406191456/tools/bin/../lib/gcc/arm-none-eabi/12.3.1/../../../../arm-none-eabi/lib/thumb/v7e-m+fp/hard/libc_nano.a(libc_a-init.o)
 .ARM.attributes
                0x00000383       0x17 /Applications/STM32CubeIDE.app/Contents/Eclipse/plugins/com.st.stm32cube.ide.mcu.externaltools.gnu-tools-for-stm32.12.3.rel1.macos64_1.0.200.202406191456/tools/bin/../lib/gcc/arm-none-eabi/12.3.1/../../../../arm-none-eabi/lib/thumb/v7e-m+fp/hard/libc_nano.a(libc_a-strlen.o)
 .ARM.attributes
                0x0000039a       0x22 /Applications/STM32CubeIDE.app/Contents/Eclipse/plugins/com.st.stm32cube.ide.mcu.externaltools.gnu-tools-for-stm32.12.3.rel1.macos64_1.0.200.202406191456/tools/bin/../lib/gcc/arm-none-eabi/12.3.1/thumb/v7e-m+fp/hard/crtn.o
OUTPUT(Lab3_Template.elf elf32-littlearm)
LOAD linker stubs
LOAD /Applications/STM32CubeIDE.app/Contents/Eclipse/plugins/com.st.stm32cube.ide.mcu.externaltools.gnu-tools-for-stm32.12.3.rel1.macos64_1.0.200.202406191456/tools/bin/../lib/gcc/arm-none-eabi/12.3.1/../../../../arm-none-eabi/lib/thumb/v7e-m+fp/hard/libc.a
LOAD /Applications/STM32CubeIDE.app/Contents/Eclipse/plugins/com.st.stm32cube.ide.mcu.externaltools.gnu-tools-for-stm32.12.3.rel1.macos64_1.0.200.202406191456/tools/bin/../lib/gcc/arm-none-eabi/12.3.1/../../../../arm-none-eabi/lib/thumb/v7e-m+fp/hard/libm.a
LOAD /Applications/STM32CubeIDE.app/Contents/Eclipse/plugins/com.st.stm32cube.ide.mcu.externaltools.gnu-tools-for-stm32.12.3.rel1.macos64_1.0.200.202406191456/tools/bin/../lib/gcc/arm-none-eabi/12.3.1/thumb/v7e-m+fp/hard/libgcc.a

.debug_info     0x00000000     0x9ea5
 .debug_info    0x00000000      0x38b ./Core/Src/keypad.o
 .debug_info    0x0000038b     0x1481 ./Core/Src/main.o
 .debug_info    0x0000180c     0x108b ./Core/Src/stm32l4xx_hal_msp.o
 .debug_info    0x00002897      0x142 ./Core/Src/stm32l4xx_it.o
 .debug_info    0x000029d9      0x5b1 ./Core/Src/system_stm32l4xx.o
 .debug_info    0x00002f8a       0x30 ./Core/Startup/startup_stm32l476rgtx.o
 .debug_info    0x00002fba      0xc09 ./Drivers/STM32L4xx_HAL_Driver/Src/stm32l4xx_hal.o
 .debug_info    0x00003bc3      0xd81 ./Drivers/STM32L4xx_HAL_Driver/Src/stm32l4xx_hal_cortex.o
 .debug_info    0x00004944      0x757 ./Drivers/STM32L4xx_HAL_Driver/Src/stm32l4xx_hal_gpio.o
 .debug_info    0x0000509b     0x20d2 ./Drivers/STM32L4xx_HAL_Driver/Src/stm32l4xx_hal_i2c.o
 .debug_info    0x0000716d      0x975 ./Drivers/STM32L4xx_HAL_Driver/Src/stm32l4xx_hal_i2c_ex.o
 .debug_info    0x00007ae2      0x99e ./Drivers/STM32L4xx_HAL_Driver/Src/stm32l4xx_hal_pwr_ex.o
 .debug_info    0x00008480      0xc14 ./Drivers/STM32L4xx_HAL_Driver/Src/stm32l4xx_hal_rcc.o
 .debug_info    0x00009094      0xe11 ./Drivers/STM32L4xx_HAL_Driver/Src/stm32l4xx_hal_rcc_ex.o

.debug_abbrev   0x00000000     0x1b2f
 .debug_abbrev  0x00000000       0xfd ./Core/Src/keypad.o
 .debug_abbrev  0x000000fd      0x3c3 ./Core/Src/main.o
 .debug_abbrev  0x000004c0      0x1dd ./Core/Src/stm32l4xx_hal_msp.o
 .debug_abbrev  0x0000069d       0x9c ./Core/Src/stm32l4xx_it.o
 .debug_abbrev  0x00000739      0x11a ./Core/Src/system_stm32l4xx.o
 .debug_abbrev  0x00000853       0x24 ./Core/Startup/startup_stm32l476rgtx.o
 .debug_abbrev  0x00000877      0x243 ./Drivers/STM32L4xx_HAL_Driver/Src/stm32l4xx_hal.o
 .debug_abbrev  0x00000aba      0x31c ./Drivers/STM32L4xx_HAL_Driver/Src/stm32l4xx_hal_cortex.o
 .debug_abbrev  0x00000dd6      0x1cb ./Drivers/STM32L4xx_HAL_Driver/Src/stm32l4xx_hal_gpio.o
 .debug_abbrev  0x00000fa1      0x261 ./Drivers/STM32L4xx_HAL_Driver/Src/stm32l4xx_hal_i2c.o
 .debug_abbrev  0x00001202      0x1c3 ./Drivers/STM32L4xx_HAL_Driver/Src/stm32l4xx_hal_i2c_ex.o
 .debug_abbrev  0x000013c5      0x1f9 ./Drivers/STM32L4xx_HAL_Driver/Src/stm32l4xx_hal_pwr_ex.o
 .debug_abbrev  0x000015be      0x2cb ./Drivers/STM32L4xx_HAL_Driver/Src/stm32l4xx_hal_rcc.o
 .debug_abbrev  0x00001889      0x2a6 ./Drivers/STM32L4xx_HAL_Driver/Src/stm32l4xx_hal_rcc_ex.o

.debug_aranges  0x00000000      0x9c8
 .debug_aranges
                0x00000000       0x28 ./Core/Src/keypad.o
 .debug_aranges
                0x00000028       0x68 ./Core/Src/main.o
 .debug_aranges
                0x00000090       0x40 ./Core/Src/stm32l4xx_hal_msp.o
 .debug_aranges
                0x000000d0       0x60 ./Core/Src/stm32l4xx_it.o
 .debug_aranges
                0x00000130       0x28 ./Core/Src/system_stm32l4xx.o
 .debug_aranges
                0x00000158       0x28 ./Core/Startup/startup_stm32l476rgtx.o
 .debug_aranges
                0x00000180      0x130 ./Drivers/STM32L4xx_HAL_Driver/Src/stm32l4xx_hal.o
 .debug_aranges
                0x000002b0      0x128 ./Drivers/STM32L4xx_HAL_Driver/Src/stm32l4xx_hal_cortex.o
 .debug_aranges
                0x000003d8       0x58 ./Drivers/STM32L4xx_HAL_Driver/Src/stm32l4xx_hal_gpio.o
 .debug_aranges
                0x00000430      0x2a0 ./Drivers/STM32L4xx_HAL_Driver/Src/stm32l4xx_hal_i2c.o
 .debug_aranges
                0x000006d0       0x48 ./Drivers/STM32L4xx_HAL_Driver/Src/stm32l4xx_hal_i2c_ex.o
 .debug_aranges
                0x00000718      0x160 ./Drivers/STM32L4xx_HAL_Driver/Src/stm32l4xx_hal_pwr_ex.o
 .debug_aranges
                0x00000878       0x90 ./Drivers/STM32L4xx_HAL_Driver/Src/stm32l4xx_hal_rcc.o
 .debug_aranges
                0x00000908       0xc0 ./Drivers/STM32L4xx_HAL_Driver/Src/stm32l4xx_hal_rcc_ex.o

.debug_rnglists
                0x00000000      0x76a
 .debug_rnglists
                0x00000000       0x1b ./Core/Src/keypad.o
 .debug_rnglists
                0x0000001b       0x4c ./Core/Src/main.o
 .debug_rnglists
                0x00000067       0x2d ./Core/Src/stm32l4xx_hal_msp.o
 .debug_rnglists
                0x00000094       0x43 ./Core/Src/stm32l4xx_it.o
 .debug_rnglists
                0x000000d7       0x1a ./Core/Src/system_stm32l4xx.o
 .debug_rnglists
                0x000000f1       0x19 ./Core/Startup/startup_stm32l476rgtx.o
 .debug_rnglists
                0x0000010a       0xdf ./Drivers/STM32L4xx_HAL_Driver/Src/stm32l4xx_hal.o
 .debug_rnglists
                0x000001e9       0xda ./Drivers/STM32L4xx_HAL_Driver/Src/stm32l4xx_hal_cortex.o
 .debug_rnglists
                0x000002c3       0x3f ./Drivers/STM32L4xx_HAL_Driver/Src/stm32l4xx_hal_gpio.o
 .debug_rnglists
                0x00000302      0x228 ./Drivers/STM32L4xx_HAL_Driver/Src/stm32l4xx_hal_i2c.o
 .debug_rnglists
                0x0000052a       0x35 ./Drivers/STM32L4xx_HAL_Driver/Src/stm32l4xx_hal_i2c_ex.o
 .debug_rnglists
                0x0000055f      0x109 ./Drivers/STM32L4xx_HAL_Driver/Src/stm32l4xx_hal_pwr_ex.o
 .debug_rnglists
                0x00000668       0x6d ./Drivers/STM32L4xx_HAL_Driver/Src/stm32l4xx_hal_rcc.o
 .debug_rnglists
                0x000006d5       0x95 ./Drivers/STM32L4xx_HAL_Driver/Src/stm32l4xx_hal_rcc_ex.o

.debug_macro    0x00000000    0x25f25
 .debug_macro   0x00000000       0xd5 ./Core/Src/keypad.o
 .debug_macro   0x000000d5      0xab4 ./Core/Src/keypad.o
 .debug_macro   0x00000b89       0x28 ./Core/Src/keypad.o
 .debug_macro   0x00000bb1       0x22 ./Core/Src/keypad.o
 .debug_macro   0x00000bd3       0x8e ./Core/Src/keypad.o
 .debug_macro   0x00000c61       0x51 ./Core/Src/keypad.o
 .debug_macro   0x00000cb2      0x103 ./Core/Src/keypad.o
 .debug_macro   0x00000db5       0x6a ./Core/Src/keypad.o
 .debug_macro   0x00000e1f      0x1df ./Core/Src/keypad.o
 .debug_macro   0x00000ffe       0x1c ./Core/Src/keypad.o
 .debug_macro   0x0000101a       0x22 ./Core/Src/keypad.o
 .debug_macro   0x0000103c       0xfb ./Core/Src/keypad.o
 .debug_macro   0x00001137     0x1011 ./Core/Src/keypad.o
 .debug_macro   0x00002148      0x11f ./Core/Src/keypad.o
 .debug_macro   0x00002267    0x1a17a ./Core/Src/keypad.o
 .debug_macro   0x0001c3e1      0x30a ./Core/Src/main.o
 .debug_macro   0x0001c6eb      0x1a7 ./Core/Src/main.o
 .debug_macro   0x0001c892       0x2e ./Core/Src/main.o
 .debug_macro   0x0001c8c0       0x6d ./Core/Src/main.o
 .debug_macro   0x0001c92d     0x38fb ./Core/Src/main.o
 .debug_macro   0x00020228      0x189 ./Core/Src/main.o
 .debug_macro   0x000203b1       0x5c ./Core/Src/main.o
 .debug_macro   0x0002040d     0x159e ./Core/Src/main.o
 .debug_macro   0x000219ab      0x5a5 ./Core/Src/main.o
 .debug_macro   0x00021f50      0x1b9 ./Core/Src/main.o
 .debug_macro   0x00022109      0x18b ./Core/Src/main.o
 .debug_macro   0x00022294      0x26b ./Core/Src/main.o
 .debug_macro   0x000224ff      0x23d ./Core/Src/main.o
 .debug_macro   0x0002273c      0x241 ./Core/Src/main.o
 .debug_macro   0x0002297d      0x37c ./Core/Src/main.o
 .debug_macro   0x00022cf9       0xd6 ./Core/Src/main.o
 .debug_macro   0x00022dcf      0x22c ./Core/Src/main.o
 .debug_macro   0x00022ffb       0x61 ./Core/Src/main.o
 .debug_macro   0x0002305c       0xa5 ./Core/Src/main.o
 .debug_macro   0x00023101      0x122 ./Core/Src/main.o
 .debug_macro   0x00023223      0x3ef ./Core/Src/main.o
 .debug_macro   0x00023612      0x5cf ./Core/Src/main.o
 .debug_macro   0x00023be1       0x44 ./Core/Src/main.o
 .debug_macro   0x00023c25      0x330 ./Core/Src/main.o
 .debug_macro   0x00023f55       0x58 ./Core/Src/main.o
 .debug_macro   0x00023fad       0x61 ./Core/Src/main.o
 .debug_macro   0x0002400e       0x2a ./Core/Src/main.o
 .debug_macro   0x00024038       0x43 ./Core/Src/main.o
 .debug_macro   0x0002407b       0x34 ./Core/Src/main.o
 .debug_macro   0x000240af       0x52 ./Core/Src/main.o
 .debug_macro   0x00024101       0x40 ./Core/Src/main.o
 .debug_macro   0x00024141       0x16 ./Core/Src/main.o
 .debug_macro   0x00024157       0x43 ./Core/Src/main.o
 .debug_macro   0x0002419a       0x34 ./Core/Src/main.o
 .debug_macro   0x000241ce       0x10 ./Core/Src/main.o
 .debug_macro   0x000241de       0x58 ./Core/Src/main.o
 .debug_macro   0x00024236       0x8e ./Core/Src/main.o
 .debug_macro   0x000242c4       0x1c ./Core/Src/main.o
 .debug_macro   0x000242e0      0x177 ./Core/Src/main.o
 .debug_macro   0x00024457      0x369 ./Core/Src/main.o
 .debug_macro   0x000247c0       0x10 ./Core/Src/main.o
 .debug_macro   0x000247d0       0x35 ./Core/Src/main.o
 .debug_macro   0x00024805       0x20 ./Core/Src/main.o
 .debug_macro   0x00024825       0x1c ./Core/Src/main.o
 .debug_macro   0x00024841       0x10 ./Core/Src/main.o
 .debug_macro   0x00024851       0x1c ./Core/Src/main.o
 .debug_macro   0x0002486d       0x16 ./Core/Src/main.o
 .debug_macro   0x00024883      0x146 ./Core/Src/main.o
 .debug_macro   0x000249c9      0x1d4 ./Core/Src/stm32l4xx_hal_msp.o
 .debug_macro   0x00024b9d      0x1de ./Core/Src/stm32l4xx_it.o
 .debug_macro   0x00024d7b      0x1c5 ./Core/Src/system_stm32l4xx.o
 .debug_macro   0x00024f40      0x213 ./Drivers/STM32L4xx_HAL_Driver/Src/stm32l4xx_hal.o
 .debug_macro   0x00025153      0x1c5 ./Drivers/STM32L4xx_HAL_Driver/Src/stm32l4xx_hal_cortex.o
 .debug_macro   0x00025318      0x1cc ./Drivers/STM32L4xx_HAL_Driver/Src/stm32l4xx_hal_gpio.o
 .debug_macro   0x000254e4      0x291 ./Drivers/STM32L4xx_HAL_Driver/Src/stm32l4xx_hal_i2c.o
 .debug_macro   0x00025775      0x1c5 ./Drivers/STM32L4xx_HAL_Driver/Src/stm32l4xx_hal_i2c_ex.o
 .debug_macro   0x0002593a      0x1e9 ./Drivers/STM32L4xx_HAL_Driver/Src/stm32l4xx_hal_pwr_ex.o
 .debug_macro   0x00025b23      0x207 ./Drivers/STM32L4xx_HAL_Driver/Src/stm32l4xx_hal_rcc.o
 .debug_macro   0x00025d2a      0x1fb ./Drivers/STM32L4xx_HAL_Driver/Src/stm32l4xx_hal_rcc_ex.o

.debug_line     0x00000000     0xbe85
 .debug_line    0x00000000      0x54f ./Core/Src/keypad.o
 .debug_line    0x0000054f      0xb10 ./Core/Src/main.o
 .debug_line    0x0000105f      0x7a6 ./Core/Src/stm32l4xx_hal_msp.o
 .debug_line    0x00001805      0x7b0 ./Core/Src/stm32l4xx_it.o
 .debug_line    0x00001fb5      0x77f ./Core/Src/system_stm32l4xx.o
 .debug_line    0x00002734       0x7a ./Core/Startup/startup_stm32l476rgtx.o
 .debug_line    0x000027ae      0xadb ./Drivers/STM32L4xx_HAL_Driver/Src/stm32l4xx_hal.o
 .debug_line    0x00003289      0xca3 ./Drivers/STM32L4xx_HAL_Driver/Src/stm32l4xx_hal_cortex.o
 .debug_line    0x00003f2c      0xb66 ./Drivers/STM32L4xx_HAL_Driver/Src/stm32l4xx_hal_gpio.o
 .debug_line    0x00004a92     0x3a0d ./Drivers/STM32L4xx_HAL_Driver/Src/stm32l4xx_hal_i2c.o
 .debug_line    0x0000849f      0x902 ./Drivers/STM32L4xx_HAL_Driver/Src/stm32l4xx_hal_i2c_ex.o
 .debug_line    0x00008da1      0xccc ./Drivers/STM32L4xx_HAL_Driver/Src/stm32l4xx_hal_pwr_ex.o
 .debug_line    0x00009a6d      0xf53 ./Drivers/STM32L4xx_HAL_Driver/Src/stm32l4xx_hal_rcc.o
 .debug_line    0x0000a9c0     0x14c5 ./Drivers/STM32L4xx_HAL_Driver/Src/stm32l4xx_hal_rcc_ex.o

.debug_str      0x00000000    0xe9d6a
 .debug_str     0x00000000    0x9e1f8 ./Core/Src/keypad.o
                              0x9e390 (size before relaxing)
 .debug_str     0x0009e1f8    0x48c1c ./Core/Src/main.o
                              0xe71a2 (size before relaxing)
 .debug_str     0x000e6e14      0x301 ./Core/Src/stm32l4xx_hal_msp.o
                              0xe372e (size before relaxing)
 .debug_str     0x000e7115       0xd3 ./Core/Src/stm32l4xx_it.o
                              0xe2c0e (size before relaxing)
 .debug_str     0x000e71e8       0xf2 ./Core/Src/system_stm32l4xx.o
                              0xe2c58 (size before relaxing)
 .debug_str     0x000e72da       0x44 ./Core/Startup/startup_stm32l476rgtx.o
                                 0x76 (size before relaxing)
 .debug_str     0x000e731e      0xb0f ./Drivers/STM32L4xx_HAL_Driver/Src/stm32l4xx_hal.o
                              0xe3857 (size before relaxing)
 .debug_str     0x000e7e2d      0x37c ./Drivers/STM32L4xx_HAL_Driver/Src/stm32l4xx_hal_cortex.o
                              0xe34d1 (size before relaxing)
 .debug_str     0x000e81a9      0x128 ./Drivers/STM32L4xx_HAL_Driver/Src/stm32l4xx_hal_gpio.o
                              0xe2dd1 (size before relaxing)
 .debug_str     0x000e82d1      0xe05 ./Drivers/STM32L4xx_HAL_Driver/Src/stm32l4xx_hal_i2c.o
                              0xe3e59 (size before relaxing)
 .debug_str     0x000e90d6       0xb8 ./Drivers/STM32L4xx_HAL_Driver/Src/stm32l4xx_hal_i2c_ex.o
                              0xe3165 (size before relaxing)
 .debug_str     0x000e918e      0x4e3 ./Drivers/STM32L4xx_HAL_Driver/Src/stm32l4xx_hal_pwr_ex.o
                              0xe31b3 (size before relaxing)
 .debug_str     0x000e9671      0x33a ./Drivers/STM32L4xx_HAL_Driver/Src/stm32l4xx_hal_rcc.o
                              0xe329e (size before relaxing)
 .debug_str     0x000e99ab      0x3bf ./Drivers/STM32L4xx_HAL_Driver/Src/stm32l4xx_hal_rcc_ex.o
                              0xe3417 (size before relaxing)

.comment        0x00000000       0x43
 .comment       0x00000000       0x43 ./Core/Src/keypad.o
                                 0x44 (size before relaxing)
 .comment       0x00000043       0x44 ./Core/Src/main.o
 .comment       0x00000043       0x44 ./Core/Src/stm32l4xx_hal_msp.o
 .comment       0x00000043       0x44 ./Core/Src/stm32l4xx_it.o
 .comment       0x00000043       0x44 ./Core/Src/system_stm32l4xx.o
 .comment       0x00000043       0x44 ./Drivers/STM32L4xx_HAL_Driver/Src/stm32l4xx_hal.o
 .comment       0x00000043       0x44 ./Drivers/STM32L4xx_HAL_Driver/Src/stm32l4xx_hal_cortex.o
 .comment       0x00000043       0x44 ./Drivers/STM32L4xx_HAL_Driver/Src/stm32l4xx_hal_gpio.o
 .comment       0x00000043       0x44 ./Drivers/STM32L4xx_HAL_Driver/Src/stm32l4xx_hal_i2c.o
 .comment       0x00000043       0x44 ./Drivers/STM32L4xx_HAL_Driver/Src/stm32l4xx_hal_i2c_ex.o
 .comment       0x00000043       0x44 ./Drivers/STM32L4xx_HAL_Driver/Src/stm32l4xx_hal_pwr_ex.o
 .comment       0x00000043       0x44 ./Drivers/STM32L4xx_HAL_Driver/Src/stm32l4xx_hal_rcc.o
 .comment       0x00000043       0x44 ./Drivers/STM32L4xx_HAL_Driver/Src/stm32l4xx_hal_rcc_ex.o

.debug_frame    0x00000000     0x26d0
 .debug_frame   0x00000000       0x58 ./Core/Src/keypad.o
 .debug_frame   0x00000058      0x160 ./Core/Src/main.o
 .debug_frame   0x000001b8       0xd0 ./Core/Src/stm32l4xx_hal_msp.o
 .debug_frame   0x00000288      0x104 ./Core/Src/stm32l4xx_it.o
 .debug_frame   0x0000038c       0x58 ./Core/Src/system_stm32l4xx.o
 .debug_frame   0x000003e4      0x498 ./Drivers/STM32L4xx_HAL_Driver/Src/stm32l4xx_hal.o
 .debug_frame   0x0000087c      0x4e8 ./Drivers/STM32L4xx_HAL_Driver/Src/stm32l4xx_hal_cortex.o
 .debug_frame   0x00000d64      0x14c ./Drivers/STM32L4xx_HAL_Driver/Src/stm32l4xx_hal_gpio.o
 .debug_frame   0x00000eb0      0xc38 ./Drivers/STM32L4xx_HAL_Driver/Src/stm32l4xx_hal_i2c.o
 .debug_frame   0x00001ae8      0x100 ./Drivers/STM32L4xx_HAL_Driver/Src/stm32l4xx_hal_i2c_ex.o
 .debug_frame   0x00001be8      0x584 ./Drivers/STM32L4xx_HAL_Driver/Src/stm32l4xx_hal_pwr_ex.o
 .debug_frame   0x0000216c      0x21c ./Drivers/STM32L4xx_HAL_Driver/Src/stm32l4xx_hal_rcc.o
 .debug_frame   0x00002388      0x2fc ./Drivers/STM32L4xx_HAL_Driver/Src/stm32l4xx_hal_rcc_ex.o
 .debug_frame   0x00002684       0x20 /Applications/STM32CubeIDE.app/Contents/Eclipse/plugins/com.st.stm32cube.ide.mcu.externaltools.gnu-tools-for-stm32.12.3.rel1.macos64_1.0.200.202406191456/tools/bin/../lib/gcc/arm-none-eabi/12.3.1/../../../../arm-none-eabi/lib/thumb/v7e-m+fp/hard/libc_nano.a(libc_a-memset.o)
 .debug_frame   0x000026a4       0x2c /Applications/STM32CubeIDE.app/Contents/Eclipse/plugins/com.st.stm32cube.ide.mcu.externaltools.gnu-tools-for-stm32.12.3.rel1.macos64_1.0.200.202406191456/tools/bin/../lib/gcc/arm-none-eabi/12.3.1/../../../../arm-none-eabi/lib/thumb/v7e-m+fp/hard/libc_nano.a(libc_a-init.o)

.debug_line_str
                0x00000000       0x5a
 .debug_line_str
                0x00000000       0x5a ./Core/Startup/startup_stm32l476rgtx.o
